// Jest Snapshot v1, https://goo.gl/fbAQLP

exports[`renders the Selector panel 1`] = `
Object {
  "asFragment": [Function],
  "baseElement": <body>
    <div>
      <div
        class="selector"
      >
        <div
          class="choices"
        >
          <label>
            Pick your housewife:
          </label>
          <select>
            <option
              value="kim"
            >
              kim richards
            </option>
            <option
              value="kyle"
            >
              kyle richards
            </option>
            <option
              value="lisa"
            >
              lisa vanderpump
            </option>
          </select>
        </div>
        <div
          class="choices"
        >
          <label>
            Pick her pool:
          </label>
          <select>
            <option
              value="indoor"
            >
              indoor pool
            </option>
            <option
              value="outdoor"
            >
              outdoor pool
            </option>
            <option
              value="rooftop"
            >
              rooftop pool
            </option>
          </select>
        </div>
        <div
          class="choices"
        >
          <label>
            Pick her drink of choice:
          </label>
          <select>
            <option
              value="wine"
            >
              white wine
            </option>
            <option
              value="tequila"
            >
              tequila shot
            </option>
            <option
              value="champ"
            >
              champers
            </option>
          </select>
        </div>
        <div
          class="choices"
        >
          <label>
            Her catch phrase?
          </label>
          <input
            type="text"
            value=""
          />
          <button>
            save the phrase
          </button>
        </div>
      </div>
    </div>
  </body>,
  "container": <div>
    <div
      class="selector"
    >
      <div
        class="choices"
      >
        <label>
          Pick your housewife:
        </label>
        <select>
          <option
            value="kim"
          >
            kim richards
          </option>
          <option
            value="kyle"
          >
            kyle richards
          </option>
          <option
            value="lisa"
          >
            lisa vanderpump
          </option>
        </select>
      </div>
      <div
        class="choices"
      >
        <label>
          Pick her pool:
        </label>
        <select>
          <option
            value="indoor"
          >
            indoor pool
          </option>
          <option
            value="outdoor"
          >
            outdoor pool
          </option>
          <option
            value="rooftop"
          >
            rooftop pool
          </option>
        </select>
      </div>
      <div
        class="choices"
      >
        <label>
          Pick her drink of choice:
        </label>
        <select>
          <option
            value="wine"
          >
            white wine
          </option>
          <option
            value="tequila"
          >
            tequila shot
          </option>
          <option
            value="champ"
          >
            champers
          </option>
        </select>
      </div>
      <div
        class="choices"
      >
        <label>
          Her catch phrase?
        </label>
        <input
          type="text"
          value=""
        />
        <button>
          save the phrase
        </button>
      </div>
    </div>
  </div>,
  "debug": [Function],
  "findAllByAltText": [Function],
  "findAllByDisplayValue": [Function],
  "findAllByLabelText": [Function],
  "findAllByPlaceholderText": [Function],
  "findAllByRole": [Function],
  "findAllByTestId": [Function],
  "findAllByText": [Function],
  "findAllByTitle": [Function],
  "findByAltText": [Function],
  "findByDisplayValue": [Function],
  "findByLabelText": [Function],
  "findByPlaceholderText": [Function],
  "findByRole": [Function],
  "findByTestId": [Function],
  "findByText": [Function],
  "findByTitle": [Function],
  "getAllByAltText": [Function],
  "getAllByDisplayValue": [Function],
  "getAllByLabelText": [Function],
  "getAllByPlaceholderText": [Function],
  "getAllByRole": [Function],
  "getAllByTestId": [Function],
  "getAllByText": [Function],
  "getAllByTitle": [Function],
  "getByAltText": [Function],
  "getByDisplayValue": [Function],
  "getByLabelText": [Function],
  "getByPlaceholderText": [Function],
  "getByRole": [Function],
  "getByTestId": [Function],
  "getByText": [Function],
  "getByTitle": [Function],
  "queryAllByAltText": [Function],
  "queryAllByDisplayValue": [Function],
  "queryAllByLabelText": [Function],
  "queryAllByPlaceholderText": [Function],
  "queryAllByRole": [Function],
  "queryAllByTestId": [Function],
  "queryAllByText": [Function],
  "queryAllByTitle": [Function],
  "queryByAltText": [Function],
  "queryByDisplayValue": [Function],
  "queryByLabelText": [Function],
  "queryByPlaceholderText": [Function],
  "queryByRole": [Function],
  "queryByTestId": [Function],
  "queryByText": [Function],
  "queryByTitle": [Function],
  "rerender": [Function],
  "unmount": [Function],
}
`;
